<python-install>\Lib\site-packages\pytest_asyncio\plugin.py:208: PytestDeprecationWarning: The configuration option "asyncio_default_fixture_loop_scope" is unset.
The event loop scope for asynchronous fixtures will default to the fixture caching scope. Future versions of pytest-asyncio will default the loop scope for asynchronous fixtures to function scope. Set the default fixture loop scope explicitly in order to avoid unexpected behavior in the future. Valid fixture loop scopes are: "function", "class", "module", "package", "session"

  warnings.warn(PytestDeprecationWarning(_DEFAULT_FIXTURE_LOOP_SCOPE_UNSET))
<python-install>\Lib\site-packages\pytest_benchmark\logger.py:44: PytestBenchmarkWarning: Benchmarks are automatically disabled because xdist plugin is active.Benchmarks cannot be performed reliably in a parallelized environment.
  warner(PytestBenchmarkWarning(text))
<python-install>\Lib\site-packages\pytest_asyncio\plugin.py:208: PytestDeprecationWarning: The configuration option "asyncio_default_fixture_loop_scope" is unset.
The event loop scope for asynchronous fixtures will default to the fixture caching scope. Future versions of pytest-asyncio will default the loop scope for asynchronous fixtures to function scope. Set the default fixture loop scope explicitly in order to avoid unexpected behavior in the future. Valid fixture loop scopes are: "function", "class", "module", "package", "session"

  warnings.warn(PytestDeprecationWarning(_DEFAULT_FIXTURE_LOOP_SCOPE_UNSET))
<python-install>\Lib\site-packages\pytest_benchmark\logger.py:44: PytestBenchmarkWarning: Benchmarks are automatically disabled because xdist plugin is active.Benchmarks cannot be performed reliably in a parallelized environment.
  warner(PytestBenchmarkWarning(text))
<python-install>\Lib\site-packages\pytest_asyncio\plugin.py:208: PytestDeprecationWarning: The configuration option "asyncio_default_fixture_loop_scope" is unset.
The event loop scope for asynchronous fixtures will default to the fixture caching scope. Future versions of pytest-asyncio will default the loop scope for asynchronous fixtures to function scope. Set the default fixture loop scope explicitly in order to avoid unexpected behavior in the future. Valid fixture loop scopes are: "function", "class", "module", "package", "session"

  warnings.warn(PytestDeprecationWarning(_DEFAULT_FIXTURE_LOOP_SCOPE_UNSET))
<python-install>\Lib\site-packages\pytest_benchmark\logger.py:44: PytestBenchmarkWarning: Benchmarks are automatically disabled because xdist plugin is active.Benchmarks cannot be performed reliably in a parallelized environment.
  warner(PytestBenchmarkWarning(text))
<python-install>\Lib\site-packages\pytest_asyncio\plugin.py:208: PytestDeprecationWarning: The configuration option "asyncio_default_fixture_loop_scope" is unset.
The event loop scope for asynchronous fixtures will default to the fixture caching scope. Future versions of pytest-asyncio will default the loop scope for asynchronous fixtures to function scope. Set the default fixture loop scope explicitly in order to avoid unexpected behavior in the future. Valid fixture loop scopes are: "function", "class", "module", "package", "session"

  warnings.warn(PytestDeprecationWarning(_DEFAULT_FIXTURE_LOOP_SCOPE_UNSET))
<python-install>\Lib\site-packages\pytest_asyncio\plugin.py:208: PytestDeprecationWarning: The configuration option "asyncio_default_fixture_loop_scope" is unset.
The event loop scope for asynchronous fixtures will default to the fixture caching scope. Future versions of pytest-asyncio will default the loop scope for asynchronous fixtures to function scope. Set the default fixture loop scope explicitly in order to avoid unexpected behavior in the future. Valid fixture loop scopes are: "function", "class", "module", "package", "session"

  warnings.warn(PytestDeprecationWarning(_DEFAULT_FIXTURE_LOOP_SCOPE_UNSET))
<python-install>\Lib\site-packages\pytest_benchmark\logger.py:44: PytestBenchmarkWarning: Benchmarks are automatically disabled because xdist plugin is active.Benchmarks cannot be performed reliably in a parallelized environment.
  warner(PytestBenchmarkWarning(text))
<python-install>\Lib\site-packages\pytest_benchmark\logger.py:44: PytestBenchmarkWarning: Benchmarks are automatically disabled because xdist plugin is active.Benchmarks cannot be performed reliably in a parallelized environment.
  warner(PytestBenchmarkWarning(text))
<python-install>\Lib\site-packages\pytest_asyncio\plugin.py:208: PytestDeprecationWarning: The configuration option "asyncio_default_fixture_loop_scope" is unset.
The event loop scope for asynchronous fixtures will default to the fixture caching scope. Future versions of pytest-asyncio will default the loop scope for asynchronous fixtures to function scope. Set the default fixture loop scope explicitly in order to avoid unexpected behavior in the future. Valid fixture loop scopes are: "function", "class", "module", "package", "session"

  warnings.warn(PytestDeprecationWarning(_DEFAULT_FIXTURE_LOOP_SCOPE_UNSET))
<python-install>\Lib\site-packages\pytest_benchmark\logger.py:44: PytestBenchmarkWarning: Benchmarks are automatically disabled because xdist plugin is active.Benchmarks cannot be performed reliably in a parallelized environment.
  warner(PytestBenchmarkWarning(text))
<python-install>\Lib\site-packages\pytest_asyncio\plugin.py:208: PytestDeprecationWarning: The configuration option "asyncio_default_fixture_loop_scope" is unset.
The event loop scope for asynchronous fixtures will default to the fixture caching scope. Future versions of pytest-asyncio will default the loop scope for asynchronous fixtures to function scope. Set the default fixture loop scope explicitly in order to avoid unexpected behavior in the future. Valid fixture loop scopes are: "function", "class", "module", "package", "session"

  warnings.warn(PytestDeprecationWarning(_DEFAULT_FIXTURE_LOOP_SCOPE_UNSET))
<python-install>\Lib\site-packages\pytest_benchmark\logger.py:44: PytestBenchmarkWarning: Benchmarks are automatically disabled because xdist plugin is active.Benchmarks cannot be performed reliably in a parallelized environment.
  warner(PytestBenchmarkWarning(text))
<python-install>\Lib\site-packages\pytest_asyncio\plugin.py:208: PytestDeprecationWarning: The configuration option "asyncio_default_fixture_loop_scope" is unset.
The event loop scope for asynchronous fixtures will default to the fixture caching scope. Future versions of pytest-asyncio will default the loop scope for asynchronous fixtures to function scope. Set the default fixture loop scope explicitly in order to avoid unexpected behavior in the future. Valid fixture loop scopes are: "function", "class", "module", "package", "session"

  warnings.warn(PytestDeprecationWarning(_DEFAULT_FIXTURE_LOOP_SCOPE_UNSET))
<python-install>\Lib\site-packages\pytest_benchmark\logger.py:44: PytestBenchmarkWarning: Benchmarks are automatically disabled because xdist plugin is active.Benchmarks cannot be performed reliably in a parallelized environment.
  warner(PytestBenchmarkWarning(text))
<python-install>\Lib\site-packages\pytest_asyncio\plugin.py:208: PytestDeprecationWarning: The configuration option "asyncio_default_fixture_loop_scope" is unset.
The event loop scope for asynchronous fixtures will default to the fixture caching scope. Future versions of pytest-asyncio will default the loop scope for asynchronous fixtures to function scope. Set the default fixture loop scope explicitly in order to avoid unexpected behavior in the future. Valid fixture loop scopes are: "function", "class", "module", "package", "session"

  warnings.warn(PytestDeprecationWarning(_DEFAULT_FIXTURE_LOOP_SCOPE_UNSET))
<python-install>\Lib\site-packages\pytest_benchmark\logger.py:44: PytestBenchmarkWarning: Benchmarks are automatically disabled because xdist plugin is active.Benchmarks cannot be performed reliably in a parallelized environment.
  warner(PytestBenchmarkWarning(text))
bringing up nodes...
bringing up nodes...

ss...................................................................... [ 10%]
........................................................................ [ 20%]
....F................................................................... [ 30%]
........................................................................ [ 40%]
........................................................................ [ 50%]
........................................................................ [ 60%]
........................................................................ [ 70%]
........................................................................ [ 80%]
........................................................................ [ 90%]
.......................................................................  [100%]
================================== FAILURES ===================================
____ test_the_packet_carries_every_function_in_the_file_not_just_this_one _____
[gw2] win32 -- Python 3.11.2 <python-install>\python.exe
tests\e2e\test_brief_packet_e2e.py:161: in test_the_packet_carries_every_function_in_the_file_not_just_this_one
    assert out["file_functions"] == [
E   AssertionError: assert [{'ccn': 6, '...r( a )', ...}] == [{'ccn': 6, '...r( a )', ...}]
E     
E     At index 0 diff: {'ccn': 6, 'crap': 42.0, 'end': 13, 'function': 'beta( a , b )', 'occurrence': 1, 'remedy': 'add-tests', 'start': 1} != {'function': 'beta( a , b )', 'start': 1, 'end': 13, 'ccn': 6, 'crap': 42.0, 'remedy': 'add-tests'}
E     Use -v to get more diff
=========================== short test summary info ===========================
FAILED tests/e2e/test_brief_packet_e2e.py::test_the_packet_carries_every_function_in_the_file_not_just_this_one
1 failed, 716 passed, 2 skipped in 421.61s (0:07:01)
