<python-install>\Lib\site-packages\pytest_asyncio\plugin.py:208: PytestDeprecationWarning: The configuration option "asyncio_default_fixture_loop_scope" is unset.
The event loop scope for asynchronous fixtures will default to the fixture caching scope. Future versions of pytest-asyncio will default the loop scope for asynchronous fixtures to function scope. Set the default fixture loop scope explicitly in order to avoid unexpected behavior in the future. Valid fixture loop scopes are: "function", "class", "module", "package", "session"

  warnings.warn(PytestDeprecationWarning(_DEFAULT_FIXTURE_LOOP_SCOPE_UNSET))
........................................................................ [  2%]
........................................................................ [  4%]
........................................................................ [  6%]
........................................................................ [  8%]
........................................................................ [ 10%]
........................................................................ [ 12%]
........................................................................ [ 14%]
........................................................................ [ 17%]
........................................................................ [ 19%]
........................................................................ [ 21%]
........................................................................ [ 23%]
........................................................................ [ 25%]
........................................................................ [ 27%]
........................................................................ [ 29%]
........................................................................ [ 32%]
........................................................................ [ 34%]
........................................................................ [ 36%]
........................................................................ [ 38%]
........................................................................ [ 40%]
........................................................................ [ 42%]
........................................................................ [ 44%]
.....................................F.................................. [ 46%]
........................................................................ [ 49%]
........................................................................ [ 51%]
........................................................................ [ 53%]
........................................................................ [ 55%]
........................................................................ [ 57%]
........................................................................ [ 59%]
........................................................................ [ 61%]
........................................................................ [ 64%]
........................................................................ [ 66%]
........................................................................ [ 68%]
........................................................................ [ 70%]
........................................................................ [ 72%]
........................................................................ [ 74%]
........................................................................ [ 76%]
........................................................................ [ 78%]
........................................................................ [ 81%]
........................................................................ [ 83%]
.............F.......................................................... [ 85%]
........................................................................ [ 87%]
........................................................................ [ 89%]
........................................................................ [ 91%]
........................................................................ [ 93%]
........................................................................ [ 96%]
........................................................................ [ 98%]
.............................................................            [100%]
================================== FAILURES ===================================
____________ test_the_readme_links_out_by_url_so_pypi_renders_them ____________
tests\unit\test_fresh_user_docs_contract.py:266: in test_the_readme_links_out_by_url_so_pypi_renders_them
    assert relative == [], f"README links that go nowhere on PyPI: {relative}"
E   AssertionError: README links that go nowhere on PyPI: ['docs/ratchet.md#same-line-function-identity']
E   assert ['docs/ratche...ion-identity'] == []
E     
E     Left contains one more item: 'docs/ratchet.md#same-line-function-identity'
E     Use -v to get more diff
__________________ test_the_utf8_sig_decode_is_written_once ___________________
tests\unit\test_repo_text.py:42: in test_the_utf8_sig_decode_is_written_once
    assert homes == ["repotext.py"], homes
E   AssertionError: ['cli/claude_hook.py', 'repotext.py']
E   assert ['cli/claude_...'repotext.py'] == ['repotext.py']
E     
E     At index 0 diff: 'cli/claude_hook.py' != 'repotext.py'
E     Left contains one more item: 'repotext.py'
E     Use -v to get more diff
=========================== short test summary info ===========================
FAILED tests/unit/test_fresh_user_docs_contract.py::test_the_readme_links_out_by_url_so_pypi_renders_them
FAILED tests/unit/test_repo_text.py::test_the_utf8_sig_decode_is_written_once
2 failed, 3371 passed in 412.62s (0:06:52)
