<python-install>\Lib\site-packages\pytest_asyncio\plugin.py:208: PytestDeprecationWarning: The configuration option "asyncio_default_fixture_loop_scope" is unset.
The event loop scope for asynchronous fixtures will default to the fixture caching scope. Future versions of pytest-asyncio will default the loop scope for asynchronous fixtures to function scope. Set the default fixture loop scope explicitly in order to avoid unexpected behavior in the future. Valid fixture loop scopes are: "function", "class", "module", "package", "session"

  warnings.warn(PytestDeprecationWarning(_DEFAULT_FIXTURE_LOOP_SCOPE_UNSET))
........................................................................ [  2%]
........................................................................ [  4%]
........................................................................ [  6%]
........................................................................ [  8%]
........................................................................ [ 10%]
........................................................................ [ 12%]
........................................................................ [ 14%]
........................................................................ [ 16%]
........................................................................ [ 18%]
........................................................................ [ 20%]
........................................................................ [ 23%]
........................................................................ [ 25%]
........................................................................ [ 27%]
........................................................................ [ 29%]
........................................................................ [ 31%]
........................................................................ [ 33%]
........................................................................ [ 35%]
........................................................................ [ 37%]
........................................................................ [ 39%]
........................................................................ [ 41%]
........................................................................ [ 44%]
........................................................................ [ 46%]
........................................................................ [ 48%]
........................................................................ [ 50%]
........................................................................ [ 52%]
........................................................................ [ 54%]
........................................................................ [ 56%]
........................................................................ [ 58%]
........................................................................ [ 60%]
........................................................................ [ 62%]
........................................................................ [ 64%]
........................................................................ [ 67%]
........................................................................ [ 69%]
........................................................................ [ 71%]
........................................................................ [ 73%]
......................................................................F. [ 75%]
........................................................................ [ 77%]
........................................................................ [ 79%]
........................................................................ [ 81%]
........................................................................ [ 83%]
........................................................................ [ 85%]
........................................................................ [ 88%]
........................................................................ [ 90%]
........................................................................ [ 92%]
........................................................................ [ 94%]
........................................................................ [ 96%]
........................................................................ [ 98%]
..................................................                       [100%]
================================== FAILURES ===================================
_____ test_seed_refusal_survives_prune_without_rewriting_the_legacy_mark ______
tests\unit\test_prune_identity_witnesses.py:47: in test_seed_refusal_survives_prune_without_rewriting_the_legacy_mark
    assert initial.returncode == 3 and "legacy ratchet key identity" in initial.stderr
E   AssertionError: assert (3 == 3 and 'legacy ratchet key identity' in 'crapkit: crapkit-ratchet.tsv: expression reader 10 changed anonymous function ordinals in app.ts; refresh coverage and reconcile any saved marks with their original functions before reseeding\n')
E    +  where 3 = CompletedProcess(args=['<python-install>\\python.exe', '-B', '-m', 'crapk...n ordinals in app.ts; refresh coverage and reconcile any saved marks with their original functions before reseeding\n').returncode
E    +  and   'crapkit: crapkit-ratchet.tsv: expression reader 10 changed anonymous function ordinals in app.ts; refresh coverage and reconcile any saved marks with their original functions before reseeding\n' = CompletedProcess(args=['<python-install>\\python.exe', '-B', '-m', 'crapk...n ordinals in app.ts; refresh coverage and reconcile any saved marks with their original functions before reseeding\n').stderr
=========================== short test summary info ===========================
FAILED tests/unit/test_prune_identity_witnesses.py::test_seed_refusal_survives_prune_without_rewriting_the_legacy_mark
1 failed, 3433 passed in 277.86s (0:04:37)
