{
  "start_utc": "2026-09-06T21:47:31.650118+00:00",
  "end_utc": "2026-09-06T21:47:59.445317+00:00",
  "summary": {
    "source/current": {
      "hook": {
        "min": 89.015,
        "median": 119.40625,
        "mean": 129.863108,
        "max": 229.0459,
        "stdev": 31.27869222315657
      },
      "floor": {
        "min": 37.7025,
        "median": 57.384299999999996,
        "mean": 62.199716,
        "max": 132.4112,
        "stdev": 18.372715446567913
      },
      "paired_overhead": {
        "min": -27.89030000000001,
        "median": 67.09394999999999,
        "mean": 67.663392,
        "max": 155.87539999999998,
        "stdev": 28.66081134493821
      },
      "min_hook_minus_min_floor": 51.3125,
      "five_sample_min_deltas": [
        53.994,
        41.6973,
        50.8045,
        56.7149,
        55.6973,
        49.904599999999995,
        44.290099999999995,
        64.5909,
        80.5353,
        89.49390000000001
      ]
    },
    "source/release": {
      "hook": {
        "min": 84.468,
        "median": 134.13535000000002,
        "mean": 137.77203,
        "max": 250.2647,
        "stdev": 35.829001228677754
      },
      "floor": {
        "min": 38.5509,
        "median": 61.6532,
        "mean": 69.321992,
        "max": 275.2401,
        "stdev": 36.223208373716
      },
      "paired_overhead": {
        "min": -64.44809999999998,
        "median": 66.02625,
        "mean": 68.450038,
        "max": 182.0124,
        "stdev": 37.90241578955142
      },
      "min_hook_minus_min_floor": 45.917100000000005,
      "five_sample_min_deltas": [
        62.2506,
        56.5304,
        61.0352,
        58.321400000000004,
        50.144000000000005,
        41.701600000000006,
        62.862,
        92.5779,
        79.2376,
        74.79549999999999
      ]
    },
    "source/difference": {
      "min": -124.7124,
      "median": 0.4503999999999948,
      "mean": -0.7866460000000014,
      "max": 151.603,
      "stdev": 45.225270052172405,
      "median_bootstrap_95": [
        -15.004699999999996,
        10.5567
      ],
      "raw_hook_difference": {
        "min": -104.0022,
        "median": -5.1899000000000015,
        "mean": -7.9089220000000005,
        "max": 70.8989,
        "stdev": 31.495778136671017
      }
    },
    "path/live_root": {
      "hook": {
        "min": 142.267,
        "median": 164.3422,
        "mean": 162.840425,
        "max": 184.1279,
        "stdev": 15.268721899486666
      },
      "floor": {
        "min": 63.7463,
        "median": 68.9861,
        "mean": 70.21750833333333,
        "max": 82.0744,
        "stdev": 5.066663802912369
      },
      "paired_overhead": {
        "min": 69.5335,
        "median": 97.41945000000001,
        "mean": 92.62291666666667,
        "max": 113.43150000000001,
        "stdev": 15.812774060569073
      },
      "min_hook_minus_min_floor": 78.5207
    },
    "path/current": {
      "hook": {
        "min": 139.1668,
        "median": 164.7231,
        "mean": 165.90523333333334,
        "max": 199.7874,
        "stdev": 16.509199135761925
      },
      "floor": {
        "min": 66.8737,
        "median": 75.47765000000001,
        "mean": 80.04830833333334,
        "max": 105.7826,
        "stdev": 11.54846728298989
      },
      "paired_overhead": {
        "min": 62.649000000000015,
        "median": 83.29950000000001,
        "mean": 85.856925,
        "max": 125.16789999999999,
        "stdev": 18.84040238882796
      },
      "min_hook_minus_min_floor": 72.2931
    },
    "path/difference": {
      "min": -22.40889999999999,
      "median": 0.545199999999987,
      "mean": 6.765991666666667,
      "max": 46.73410000000001,
      "stdev": 23.138772186034352,
      "median_bootstrap_95": [
        -12.789399999999993,
        25.461600000000004
      ],
      "raw_hook_difference": {
        "min": -30.3116,
        "median": -5.228150000000014,
        "mean": -3.064808333333332,
        "max": 44.961100000000016,
        "stdev": 21.03222442372476
      }
    }
  }
}
